16:37:07 **** Incremental Build of configuration Debug for project LoRa_Sender_Node ****
make -j20 all 
arm-none-eabi-gcc "../Core/Src/stm32f1xx_it.c" -mcpu=cortex-m3 -std=gnu11 -g3 -DDEBUG -DUSE_HAL_DRIVER -DSTM32F103xB -c -I"D:/My-Projects/Git/Temperature-Humidity-Supervisor/LoRa_Sender_Node/Board-Support-Packet/Inc" -I../Core/Inc -I../Drivers/STM32F1xx_HAL_Driver/Inc -I../Drivers/STM32F1xx_HAL_Driver/Inc/Legacy -I../Drivers/CMSIS/Device/ST/STM32F1xx/Include -I../Drivers/CMSIS/Include -O0 -ffunction-sections -fdata-sections -Wall -fstack-usage -fcyclomatic-complexity -MMD -MP -MF"Core/Src/stm32f1xx_it.d" -MT"Core/Src/stm32f1xx_it.o" --specs=nano.specs -mfloat-abi=soft -mthumb -o "Core/Src/stm32f1xx_it.o"
arm-none-eabi-gcc -o "LoRa_Sender_Node.elf" @"objects.list"   -mcpu=cortex-m3 -T"D:\My-Projects\Git\Temperature-Humidity-Supervisor\LoRa_Sender_Node\STM32F103C8TX_FLASH.ld" --specs=nosys.specs -Wl,-Map="LoRa_Sender_Node.map" -Wl,--gc-sections -static --specs=nano.specs -mfloat-abi=soft -mthumb -u _printf_float -u _scanf_float -Wl,--start-group -lc -lm -Wl,--end-group
Finished building target: LoRa_Sender_Node.elf
 
arm-none-eabi-size   LoRa_Sender_Node.elf 
arm-none-eabi-objdump -h -S  LoRa_Sender_Node.elf  > "LoRa_Sender_Node.list"
   text	   data	    bss	    dec	    hex	filename
  46780	    516	   2576	  49872	   c2d0	LoRa_Sender_Node.elf
Finished building: default.size.stdout
 
Finished building: LoRa_Sender_Node.list
 
16:37:09 **** Incremental Build of configuration Debug for project LoRa_Sender_Node ****
make -j20 all 
arm-none-eabi-gcc -o "LoRa_Sender_Node.elf" @"objects.list"   -mcpu=cortex-m3 -T"D:\My-Projects\Git\Temperature-Humidity-Supervisor\LoRa_Sender_Node\STM32F103C8TX_FLASH.ld" --specs=nosys.specs -Wl,-Map="LoRa_Sender_Node.map" -Wl,--gc-sections -static --specs=nano.specs -mfloat-abi=soft -mthumb -u _printf_float -u _scanf_float -Wl,--start-group -lc -lm -Wl,--end-group
Finished building target: LoRa_Sender_Node.elf
 
arm-none-eabi-size   LoRa_Sender_Node.elf 
arm-none-eabi-objdump -h -S  LoRa_Sender_Node.elf  > "LoRa_Sender_Node.list"
   text	   data	    bss	    dec	    hex	filename
  46780	    516	   2576	  49872	   c2d0	LoRa_Sender_Node.elf
Finished building: default.size.stdout
 
Finished building: LoRa_Sender_Node.list
 
16:37:41 **** Incremental Build of configuration Debug for project LoRa_Sender_Node ****
make -j20 all 
arm-none-eabi-gcc "../Core/Src/stm32f1xx_it.c" -mcpu=cortex-m3 -std=gnu11 -g3 -DDEBUG -DUSE_HAL_DRIVER -DSTM32F103xB -c -I"D:/My-Projects/Git/Temperature-Humidity-Supervisor/LoRa_Sender_Node/Board-Support-Packet/Inc" -I../Core/Inc -I../Drivers/STM32F1xx_HAL_Driver/Inc -I../Drivers/STM32F1xx_HAL_Driver/Inc/Legacy -I../Drivers/CMSIS/Device/ST/STM32F1xx/Include -I../Drivers/CMSIS/Include -O0 -ffunction-sections -fdata-sections -Wall -fstack-usage -fcyclomatic-complexity -MMD -MP -MF"Core/Src/stm32f1xx_it.d" -MT"Core/Src/stm32f1xx_it.o" --specs=nano.specs -mfloat-abi=soft -mthumb -o "Core/Src/stm32f1xx_it.o"
arm-none-eabi-gcc -o "LoRa_Sender_Node.elf" @"objects.list"   -mcpu=cortex-m3 -T"D:\My-Projects\Git\Temperature-Humidity-Supervisor\LoRa_Sender_Node\STM32F103C8TX_FLASH.ld" --specs=nosys.specs -Wl,-Map="LoRa_Sender_Node.map" -Wl,--gc-sections -static --specs=nano.specs -mfloat-abi=soft -mthumb -u _printf_float -u _scanf_float -Wl,--start-group -lc -lm -Wl,--end-group
Finished building target: LoRa_Sender_Node.elf
 
arm-none-eabi-size   LoRa_Sender_Node.elf 
arm-none-eabi-objdump -h -S  LoRa_Sender_Node.elf  > "LoRa_Sender_Node.list"
   text	   data	    bss	    dec	    hex	filename
  46780	    516	   2576	  49872	   c2d0	LoRa_Sender_Node.elf
Finished building: default.size.stdout
 
Finished building: LoRa_Sender_Node.list
 
16:38:27 **** Incremental Build of configuration Debug for project LoRa_Sender_Node ****
make -j20 all 
arm-none-eabi-gcc "../Core/Src/stm32f1xx_it.c" -mcpu=cortex-m3 -std=gnu11 -g3 -DDEBUG -DUSE_HAL_DRIVER -DSTM32F103xB -c -I"D:/My-Projects/Git/Temperature-Humidity-Supervisor/LoRa_Sender_Node/Board-Support-Packet/Inc" -I../Core/Inc -I../Drivers/STM32F1xx_HAL_Driver/Inc -I../Drivers/STM32F1xx_HAL_Driver/Inc/Legacy -I../Drivers/CMSIS/Device/ST/STM32F1xx/Include -I../Drivers/CMSIS/Include -O0 -ffunction-sections -fdata-sections -Wall -fstack-usage -fcyclomatic-complexity -MMD -MP -MF"Core/Src/stm32f1xx_it.d" -MT"Core/Src/stm32f1xx_it.o" --specs=nano.specs -mfloat-abi=soft -mthumb -o "Core/Src/stm32f1xx_it.o"
arm-none-eabi-gcc -o "LoRa_Sender_Node.elf" @"objects.list"   -mcpu=cortex-m3 -T"D:\My-Projects\Git\Temperature-Humidity-Supervisor\LoRa_Sender_Node\STM32F103C8TX_FLASH.ld" --specs=nosys.specs -Wl,-Map="LoRa_Sender_Node.map" -Wl,--gc-sections -static --specs=nano.specs -mfloat-abi=soft -mthumb -u _printf_float -u _scanf_float -Wl,--start-group -lc -lm -Wl,--end-group
Finished building target: LoRa_Sender_Node.elf
 
arm-none-eabi-size   LoRa_Sender_Node.elf 
arm-none-eabi-objdump -h -S  LoRa_Sender_Node.elf  > "LoRa_Sender_Node.list"
   text	   data	    bss	    dec	    hex	filename
  46780	    516	   2576	  49872	   c2d0	LoRa_Sender_Node.elf
Finished building: default.size.stdout
 
Finished building: LoRa_Sender_Node.list
 
16:39:04 **** Incremental Build of configuration Debug for project LoRa_Sender_Node ****
make -j20 all 
arm-none-eabi-gcc "../Core/Src/stm32f1xx_it.c" -mcpu=cortex-m3 -std=gnu11 -g3 -DDEBUG -DUSE_HAL_DRIVER -DSTM32F103xB -c -I"D:/My-Projects/Git/Temperature-Humidity-Supervisor/LoRa_Sender_Node/Board-Support-Packet/Inc" -I../Core/Inc -I../Drivers/STM32F1xx_HAL_Driver/Inc -I../Drivers/STM32F1xx_HAL_Driver/Inc/Legacy -I../Drivers/CMSIS/Device/ST/STM32F1xx/Include -I../Drivers/CMSIS/Include -O0 -ffunction-sections -fdata-sections -Wall -fstack-usage -fcyclomatic-complexity -MMD -MP -MF"Core/Src/stm32f1xx_it.d" -MT"Core/Src/stm32f1xx_it.o" --specs=nano.specs -mfloat-abi=soft -mthumb -o "Core/Src/stm32f1xx_it.o"
arm-none-eabi-gcc -o "LoRa_Sender_Node.elf" @"objects.list"   -mcpu=cortex-m3 -T"D:\My-Projects\Git\Temperature-Humidity-Supervisor\LoRa_Sender_Node\STM32F103C8TX_FLASH.ld" --specs=nosys.specs -Wl,-Map="LoRa_Sender_Node.map" -Wl,--gc-sections -static --specs=nano.specs -mfloat-abi=soft -mthumb -u _printf_float -u _scanf_float -Wl,--start-group -lc -lm -Wl,--end-group
Finished building target: LoRa_Sender_Node.elf
 
arm-none-eabi-size   LoRa_Sender_Node.elf 
arm-none-eabi-objdump -h -S  LoRa_Sender_Node.elf  > "LoRa_Sender_Node.list"
   text	   data	    bss	    dec	    hex	filename
  46780	    516	   2576	  49872	   c2d0	LoRa_Sender_Node.elf
Finished building: default.size.stdout
 
Finished building: LoRa_Sender_Node.list
 
16:39:44 **** Incremental Build of configuration Debug for project LoRa_Sender_Node ****
make -j20 all 
arm-none-eabi-gcc "../Core/Src/stm32f1xx_it.c" -mcpu=cortex-m3 -std=gnu11 -g3 -DDEBUG -DUSE_HAL_DRIVER -DSTM32F103xB -c -I"D:/My-Projects/Git/Temperature-Humidity-Supervisor/LoRa_Sender_Node/Board-Support-Packet/Inc" -I../Core/Inc -I../Drivers/STM32F1xx_HAL_Driver/Inc -I../Drivers/STM32F1xx_HAL_Driver/Inc/Legacy -I../Drivers/CMSIS/Device/ST/STM32F1xx/Include -I../Drivers/CMSIS/Include -O0 -ffunction-sections -fdata-sections -Wall -fstack-usage -fcyclomatic-complexity -MMD -MP -MF"Core/Src/stm32f1xx_it.d" -MT"Core/Src/stm32f1xx_it.o" --specs=nano.specs -mfloat-abi=soft -mthumb -o "Core/Src/stm32f1xx_it.o"
arm-none-eabi-gcc -o "LoRa_Sender_Node.elf" @"objects.list"   -mcpu=cortex-m3 -T"D:\My-Projects\Git\Temperature-Humidity-Supervisor\LoRa_Sender_Node\STM32F103C8TX_FLASH.ld" --specs=nosys.specs -Wl,-Map="LoRa_Sender_Node.map" -Wl,--gc-sections -static --specs=nano.specs -mfloat-abi=soft -mthumb -u _printf_float -u _scanf_float -Wl,--start-group -lc -lm -Wl,--end-group
Finished building target: LoRa_Sender_Node.elf
 
arm-none-eabi-size   LoRa_Sender_Node.elf 
arm-none-eabi-objdump -h -S  LoRa_Sender_Node.elf  > "LoRa_Sender_Node.list"
   text	   data	    bss	    dec	    hex	filename
  46780	    516	   2576	  49872	   c2d0	LoRa_Sender_Node.elf
Finished building: default.size.stdout
 
Finished building: LoRa_Sender_Node.list
 
16:43:33 **** Incremental Build of configuration Debug for project LoRa_Sender_Node ****
make -j20 all 
arm-none-eabi-gcc "../Core/Src/stm32f1xx_it.c" -mcpu=cortex-m3 -std=gnu11 -g3 -DDEBUG -DUSE_HAL_DRIVER -DSTM32F103xB -c -I"D:/My-Projects/Git/Temperature-Humidity-Supervisor/LoRa_Sender_Node/Board-Support-Packet/Inc" -I../Core/Inc -I../Drivers/STM32F1xx_HAL_Driver/Inc -I../Drivers/STM32F1xx_HAL_Driver/Inc/Legacy -I../Drivers/CMSIS/Device/ST/STM32F1xx/Include -I../Drivers/CMSIS/Include -O0 -ffunction-sections -fdata-sections -Wall -fstack-usage -fcyclomatic-complexity -MMD -MP -MF"Core/Src/stm32f1xx_it.d" -MT"Core/Src/stm32f1xx_it.o" --specs=nano.specs -mfloat-abi=soft -mthumb -o "Core/Src/stm32f1xx_it.o"
arm-none-eabi-gcc -o "LoRa_Sender_Node.elf" @"objects.list"   -mcpu=cortex-m3 -T"D:\My-Projects\Git\Temperature-Humidity-Supervisor\LoRa_Sender_Node\STM32F103C8TX_FLASH.ld" --specs=nosys.specs -Wl,-Map="LoRa_Sender_Node.map" -Wl,--gc-sections -static --specs=nano.specs -mfloat-abi=soft -mthumb -u _printf_float -u _scanf_float -Wl,--start-group -lc -lm -Wl,--end-group
Finished building target: LoRa_Sender_Node.elf
 
arm-none-eabi-size   LoRa_Sender_Node.elf 
arm-none-eabi-objdump -h -S  LoRa_Sender_Node.elf  > "LoRa_Sender_Node.list"
   text	   data	    bss	    dec	    hex	filename
  46756	    516	   2576	  49848	   c2b8	LoRa_Sender_Node.elf
Finished building: default.size.stdout
 
Finished building: LoRa_Sender_Node.list
 
16:43:47 **** Incremental Build of configuration Debug for project LoRa_Sender_Node ****
make -j20 all 
arm-none-eabi-gcc -o "LoRa_Sender_Node.elf" @"objects.list"   -mcpu=cortex-m3 -T"D:\My-Projects\Git\Temperature-Humidity-Supervisor\LoRa_Sender_Node\STM32F103C8TX_FLASH.ld" --specs=nosys.specs -Wl,-Map="LoRa_Sender_Node.map" -Wl,--gc-sections -static --specs=nano.specs -mfloat-abi=soft -mthumb -u _printf_float -u _scanf_float -Wl,--start-group -lc -lm -Wl,--end-group
Finished building target: LoRa_Sender_Node.elf
 
arm-none-eabi-size   LoRa_Sender_Node.elf 
arm-none-eabi-objdump -h -S  LoRa_Sender_Node.elf  > "LoRa_Sender_Node.list"
   text	   data	    bss	    dec	    hex	filename
  46756	    516	   2576	  49848	   c2b8	LoRa_Sender_Node.elf
Finished building: default.size.stdout
 
Finished building: LoRa_Sender_Node.list
 
16:48:19 **** Incremental Build of configuration Debug for project LoRa_Sender_Node ****
make -j20 all 
arm-none-eabi-gcc "../Core/Src/stm32f1xx_hal_msp.c" -mcpu=cortex-m3 -std=gnu11 -g3 -DDEBUG -DUSE_HAL_DRIVER -DSTM32F103xB -c -I"D:/My-Projects/Git/Temperature-Humidity-Supervisor/LoRa_Sender_Node/Board-Support-Packet/Inc" -I../Core/Inc -I../Drivers/STM32F1xx_HAL_Driver/Inc -I../Drivers/STM32F1xx_HAL_Driver/Inc/Legacy -I../Drivers/CMSIS/Device/ST/STM32F1xx/Include -I../Drivers/CMSIS/Include -O0 -ffunction-sections -fdata-sections -Wall -fstack-usage -fcyclomatic-complexity -MMD -MP -MF"Core/Src/stm32f1xx_hal_msp.d" -MT"Core/Src/stm32f1xx_hal_msp.o" --specs=nano.specs -mfloat-abi=soft -mthumb -o "Core/Src/stm32f1xx_hal_msp.o"
arm-none-eabi-gcc -o "LoRa_Sender_Node.elf" @"objects.list"   -mcpu=cortex-m3 -T"D:\My-Projects\Git\Temperature-Humidity-Supervisor\LoRa_Sender_Node\STM32F103C8TX_FLASH.ld" --specs=nosys.specs -Wl,-Map="LoRa_Sender_Node.map" -Wl,--gc-sections -static --specs=nano.specs -mfloat-abi=soft -mthumb -u _printf_float -u _scanf_float -Wl,--start-group -lc -lm -Wl,--end-group
Finished building target: LoRa_Sender_Node.elf
 
arm-none-eabi-size   LoRa_Sender_Node.elf 
arm-none-eabi-objdump -h -S  LoRa_Sender_Node.elf  > "LoRa_Sender_Node.list"
   text	   data	    bss	    dec	    hex	filename
  46756	    516	   2576	  49848	   c2b8	LoRa_Sender_Node.elf
Finished building: default.size.stdout
 
Finished building: LoRa_Sender_Node.list
 
16:51:12 **** Incremental Build of configuration Debug for project LoRa_Sender_Node ****
make -j20 all 
arm-none-eabi-gcc "../Core/Src/stm32f1xx_hal_msp.c" -mcpu=cortex-m3 -std=gnu11 -g3 -DDEBUG -DUSE_HAL_DRIVER -DSTM32F103xB -c -I"D:/My-Projects/Git/Temperature-Humidity-Supervisor/LoRa_Sender_Node/Board-Support-Packet/Inc" -I../Core/Inc -I../Drivers/STM32F1xx_HAL_Driver/Inc -I../Drivers/STM32F1xx_HAL_Driver/Inc/Legacy -I../Drivers/CMSIS/Device/ST/STM32F1xx/Include -I../Drivers/CMSIS/Include -O0 -ffunction-sections -fdata-sections -Wall -fstack-usage -fcyclomatic-complexity -MMD -MP -MF"Core/Src/stm32f1xx_hal_msp.d" -MT"Core/Src/stm32f1xx_hal_msp.o" --specs=nano.specs -mfloat-abi=soft -mthumb -o "Core/Src/stm32f1xx_hal_msp.o"
arm-none-eabi-gcc "../Core/Src/stm32f1xx_it.c" -mcpu=cortex-m3 -std=gnu11 -g3 -DDEBUG -DUSE_HAL_DRIVER -DSTM32F103xB -c -I"D:/My-Projects/Git/Temperature-Humidity-Supervisor/LoRa_Sender_Node/Board-Support-Packet/Inc" -I../Core/Inc -I../Drivers/STM32F1xx_HAL_Driver/Inc -I../Drivers/STM32F1xx_HAL_Driver/Inc/Legacy -I../Drivers/CMSIS/Device/ST/STM32F1xx/Include -I../Drivers/CMSIS/Include -O0 -ffunction-sections -fdata-sections -Wall -fstack-usage -fcyclomatic-complexity -MMD -MP -MF"Core/Src/stm32f1xx_it.d" -MT"Core/Src/stm32f1xx_it.o" --specs=nano.specs -mfloat-abi=soft -mthumb -o "Core/Src/stm32f1xx_it.o"
arm-none-eabi-gcc -o "LoRa_Sender_Node.elf" @"objects.list"   -mcpu=cortex-m3 -T"D:\My-Projects\Git\Temperature-Humidity-Supervisor\LoRa_Sender_Node\STM32F103C8TX_FLASH.ld" --specs=nosys.specs -Wl,-Map="LoRa_Sender_Node.map" -Wl,--gc-sections -static --specs=nano.specs -mfloat-abi=soft -mthumb -u _printf_float -u _scanf_float -Wl,--start-group -lc -lm -Wl,--end-group
Finished building target: LoRa_Sender_Node.elf
 
arm-none-eabi-size   LoRa_Sender_Node.elf 
arm-none-eabi-objdump -h -S  LoRa_Sender_Node.elf  > "LoRa_Sender_Node.list"
   text	   data	    bss	    dec	    hex	filename
  46756	    516	   2576	  49848	   c2b8	LoRa_Sender_Node.elf
Finished building: default.size.stdout
 
Finished building: LoRa_Sender_Node.list
 
17:07:26 **** Incremental Build of configuration Debug for project LoRa_Sender_Node ****
make -j20 all 
arm-none-eabi-gcc "../Core/Src/main.c" -mcpu=cortex-m3 -std=gnu11 -g3 -DDEBUG -DUSE_HAL_DRIVER -DSTM32F103xB -c -I"D:/My-Projects/Git/Temperature-Humidity-Supervisor/LoRa_Sender_Node/Board-Support-Packet/Inc" -I../Core/Inc -I../Drivers/STM32F1xx_HAL_Driver/Inc -I../Drivers/STM32F1xx_HAL_Driver/Inc/Legacy -I../Drivers/CMSIS/Device/ST/STM32F1xx/Include -I../Drivers/CMSIS/Include -O0 -ffunction-sections -fdata-sections -Wall -fstack-usage -fcyclomatic-complexity -MMD -MP -MF"Core/Src/main.d" -MT"Core/Src/main.o" --specs=nano.specs -mfloat-abi=soft -mthumb -o "Core/Src/main.o"
../Core/Src/main.c: In function 'LoRa_Receive_Handle':
../Core/Src/main.c:1014:15: warning: variable 'rcvSrcId' set but not used [-Wunused-but-set-variable]
 1014 |         char *rcvSrcId;         // pointer to source ID
      |               ^~~~~~~~
arm-none-eabi-gcc -o "LoRa_Sender_Node.elf" @"objects.list"   -mcpu=cortex-m3 -T"D:\My-Projects\Git\Temperature-Humidity-Supervisor\LoRa_Sender_Node\STM32F103C8TX_FLASH.ld" --specs=nosys.specs -Wl,-Map="LoRa_Sender_Node.map" -Wl,--gc-sections -static --specs=nano.specs -mfloat-abi=soft -mthumb -u _printf_float -u _scanf_float -Wl,--start-group -lc -lm -Wl,--end-group
Finished building target: LoRa_Sender_Node.elf
 
arm-none-eabi-size   LoRa_Sender_Node.elf 
arm-none-eabi-objdump -h -S  LoRa_Sender_Node.elf  > "LoRa_Sender_Node.list"
   text	   data	    bss	    dec	    hex	filename
  46876	    516	   2576	  49968	   c330	LoRa_Sender_Node.elf
Finished building: default.size.stdout
 
Finished building: LoRa_Sender_Node.list
 
17:56:31 **** Incremental Build of configuration Debug for project LoRa_Sender_Node ****
make -j20 all 
arm-none-eabi-gcc "../Core/Src/main.c" -mcpu=cortex-m3 -std=gnu11 -g3 -DDEBUG -DUSE_HAL_DRIVER -DSTM32F103xB -c -I"D:/My-Projects/Git/Temperature-Humidity-Supervisor/LoRa_Sender_Node/Board-Support-Packet/Inc" -I../Core/Inc -I../Drivers/STM32F1xx_HAL_Driver/Inc -I../Drivers/STM32F1xx_HAL_Driver/Inc/Legacy -I../Drivers/CMSIS/Device/ST/STM32F1xx/Include -I../Drivers/CMSIS/Include -O0 -ffunction-sections -fdata-sections -Wall -fstack-usage -fcyclomatic-complexity -MMD -MP -MF"Core/Src/main.d" -MT"Core/Src/main.o" --specs=nano.specs -mfloat-abi=soft -mthumb -o "Core/Src/main.o"
../Core/Src/main.c: In function 'LoRa_Receive_Handle':
../Core/Src/main.c:1014:15: warning: variable 'rcvSrcId' set but not used [-Wunused-but-set-variable]
 1014 |         char *rcvSrcId;         // pointer to source ID
      |               ^~~~~~~~
arm-none-eabi-gcc -o "LoRa_Sender_Node.elf" @"objects.list"   -mcpu=cortex-m3 -T"D:\My-Projects\Git\Temperature-Humidity-Supervisor\LoRa_Sender_Node\STM32F103C8TX_FLASH.ld" --specs=nosys.specs -Wl,-Map="LoRa_Sender_Node.map" -Wl,--gc-sections -static --specs=nano.specs -mfloat-abi=soft -mthumb -u _printf_float -u _scanf_float -Wl,--start-group -lc -lm -Wl,--end-group
Finished building target: LoRa_Sender_Node.elf
 
arm-none-eabi-size   LoRa_Sender_Node.elf 
arm-none-eabi-objdump -h -S  LoRa_Sender_Node.elf  > "LoRa_Sender_Node.list"
   text	   data	    bss	    dec	    hex	filename
  46876	    516	   2576	  49968	   c330	LoRa_Sender_Node.elf
Finished building: default.size.stdout
 
Finished building: LoRa_Sender_Node.list
 
19:42:25 **** Incremental Build of configuration Debug for project LoRa_Sender_Node ****
make -j20 all 
arm-none-eabi-gcc "../Core/Src/main.c" -mcpu=cortex-m3 -std=gnu11 -g3 -DDEBUG -DUSE_HAL_DRIVER -DSTM32F103xB -c -I"D:/My-Projects/Git/Temperature-Humidity-Supervisor/LoRa_Sender_Node/Board-Support-Packet/Inc" -I../Core/Inc -I../Drivers/STM32F1xx_HAL_Driver/Inc -I../Drivers/STM32F1xx_HAL_Driver/Inc/Legacy -I../Drivers/CMSIS/Device/ST/STM32F1xx/Include -I../Drivers/CMSIS/Include -O0 -ffunction-sections -fdata-sections -Wall -fstack-usage -fcyclomatic-complexity -MMD -MP -MF"Core/Src/main.d" -MT"Core/Src/main.o" --specs=nano.specs -mfloat-abi=soft -mthumb -o "Core/Src/main.o"
../Core/Src/main.c: In function 'LoRa_Receive_Handle':
../Core/Src/main.c:1014:15: warning: variable 'rcvSrcId' set but not used [-Wunused-but-set-variable]
 1014 |         char *rcvSrcId;         // pointer to source ID
      |               ^~~~~~~~
arm-none-eabi-gcc -o "LoRa_Sender_Node.elf" @"objects.list"   -mcpu=cortex-m3 -T"D:\My-Projects\Git\Temperature-Humidity-Supervisor\LoRa_Sender_Node\STM32F103C8TX_FLASH.ld" --specs=nosys.specs -Wl,-Map="LoRa_Sender_Node.map" -Wl,--gc-sections -static --specs=nano.specs -mfloat-abi=soft -mthumb -u _printf_float -u _scanf_float -Wl,--start-group -lc -lm -Wl,--end-group
Finished building target: LoRa_Sender_Node.elf
 
arm-none-eabi-size   LoRa_Sender_Node.elf 
arm-none-eabi-objdump -h -S  LoRa_Sender_Node.elf  > "LoRa_Sender_Node.list"
   text	   data	    bss	    dec	    hex	filename
  46876	    516	   2576	  49968	   c330	LoRa_Sender_Node.elf
Finished building: default.size.stdout
 
Finished building: LoRa_Sender_Node.list
 
19:59:03 **** Incremental Build of configuration Debug for project LoRa_Sender_Node ****
make -j20 all 
arm-none-eabi-gcc "../Core/Src/main.c" -mcpu=cortex-m3 -std=gnu11 -g3 -DDEBUG -DUSE_HAL_DRIVER -DSTM32F103xB -c -I"D:/My-Projects/Git/Temperature-Humidity-Supervisor/LoRa_Sender_Node/Board-Support-Packet/Inc" -I../Core/Inc -I../Drivers/STM32F1xx_HAL_Driver/Inc -I../Drivers/STM32F1xx_HAL_Driver/Inc/Legacy -I../Drivers/CMSIS/Device/ST/STM32F1xx/Include -I../Drivers/CMSIS/Include -O0 -ffunction-sections -fdata-sections -Wall -fstack-usage -fcyclomatic-complexity -MMD -MP -MF"Core/Src/main.d" -MT"Core/Src/main.o" --specs=nano.specs -mfloat-abi=soft -mthumb -o "Core/Src/main.o"
../Core/Src/main.c: In function 'LoRa_Receive_Handle':
../Core/Src/main.c:1014:15: warning: variable 'rcvSrcId' set but not used [-Wunused-but-set-variable]
 1014 |         char *rcvSrcId;         // pointer to source ID
      |               ^~~~~~~~
arm-none-eabi-gcc -o "LoRa_Sender_Node.elf" @"objects.list"   -mcpu=cortex-m3 -T"D:\My-Projects\Git\Temperature-Humidity-Supervisor\LoRa_Sender_Node\STM32F103C8TX_FLASH.ld" --specs=nosys.specs -Wl,-Map="LoRa_Sender_Node.map" -Wl,--gc-sections -static --specs=nano.specs -mfloat-abi=soft -mthumb -u _printf_float -u _scanf_float -Wl,--start-group -lc -lm -Wl,--end-group
Finished building target: LoRa_Sender_Node.elf
 
arm-none-eabi-size   LoRa_Sender_Node.elf 
arm-none-eabi-objdump -h -S  LoRa_Sender_Node.elf  > "LoRa_Sender_Node.list"
   text	   data	    bss	    dec	    hex	filename
  46876	    516	   2576	  49968	   c330	LoRa_Sender_Node.elf
Finished building: default.size.stdout
 
Finished building: LoRa_Sender_Node.list
 
20:30:00 **** Incremental Build of configuration Debug for project LoRa_Sender_Node ****
make -j20 all 
arm-none-eabi-gcc "../Core/Src/main.c" -mcpu=cortex-m3 -std=gnu11 -g3 -DDEBUG -DUSE_HAL_DRIVER -DSTM32F103xB -c -I"D:/My-Projects/Git/Temperature-Humidity-Supervisor/LoRa_Sender_Node/Board-Support-Packet/Inc" -I../Core/Inc -I../Drivers/STM32F1xx_HAL_Driver/Inc -I../Drivers/STM32F1xx_HAL_Driver/Inc/Legacy -I../Drivers/CMSIS/Device/ST/STM32F1xx/Include -I../Drivers/CMSIS/Include -O0 -ffunction-sections -fdata-sections -Wall -fstack-usage -fcyclomatic-complexity -MMD -MP -MF"Core/Src/main.d" -MT"Core/Src/main.o" --specs=nano.specs -mfloat-abi=soft -mthumb -o "Core/Src/main.o"
../Core/Src/main.c: In function 'LoRa_Receive_Handle':
../Core/Src/main.c:1014:15: warning: variable 'rcvSrcId' set but not used [-Wunused-but-set-variable]
 1014 |         char *rcvSrcId;         // pointer to source ID
      |               ^~~~~~~~
arm-none-eabi-gcc -o "LoRa_Sender_Node.elf" @"objects.list"   -mcpu=cortex-m3 -T"D:\My-Projects\Git\Temperature-Humidity-Supervisor\LoRa_Sender_Node\STM32F103C8TX_FLASH.ld" --specs=nosys.specs -Wl,-Map="LoRa_Sender_Node.map" -Wl,--gc-sections -static --specs=nano.specs -mfloat-abi=soft -mthumb -u _printf_float -u _scanf_float -Wl,--start-group -lc -lm -Wl,--end-group
Finished building target: LoRa_Sender_Node.elf
 
arm-none-eabi-size   LoRa_Sender_Node.elf 
arm-none-eabi-objdump -h -S  LoRa_Sender_Node.elf  > "LoRa_Sender_Node.list"
   text	   data	    bss	    dec	    hex	filename
  46884	    516	   2576	  49976	   c338	LoRa_Sender_Node.elf
Finished building: default.size.stdout
 
Finished building: LoRa_Sender_Node.list
 
20:31:11 **** Incremental Build of configuration Debug for project LoRa_Sender_Node ****
make -j20 all 
arm-none-eabi-gcc "../Core/Src/main.c" -mcpu=cortex-m3 -std=gnu11 -g3 -DDEBUG -DUSE_HAL_DRIVER -DSTM32F103xB -c -I"D:/My-Projects/Git/Temperature-Humidity-Supervisor/LoRa_Sender_Node/Board-Support-Packet/Inc" -I../Core/Inc -I../Drivers/STM32F1xx_HAL_Driver/Inc -I../Drivers/STM32F1xx_HAL_Driver/Inc/Legacy -I../Drivers/CMSIS/Device/ST/STM32F1xx/Include -I../Drivers/CMSIS/Include -O0 -ffunction-sections -fdata-sections -Wall -fstack-usage -fcyclomatic-complexity -MMD -MP -MF"Core/Src/main.d" -MT"Core/Src/main.o" --specs=nano.specs -mfloat-abi=soft -mthumb -o "Core/Src/main.o"
../Core/Src/main.c: In function 'LoRa_Receive_Handle':
../Core/Src/main.c:1014:15: warning: variable 'rcvSrcId' set but not used [-Wunused-but-set-variable]
 1014 |         char *rcvSrcId;         // pointer to source ID
      |               ^~~~~~~~
arm-none-eabi-gcc -o "LoRa_Sender_Node.elf" @"objects.list"   -mcpu=cortex-m3 -T"D:\My-Projects\Git\Temperature-Humidity-Supervisor\LoRa_Sender_Node\STM32F103C8TX_FLASH.ld" --specs=nosys.specs -Wl,-Map="LoRa_Sender_Node.map" -Wl,--gc-sections -static --specs=nano.specs -mfloat-abi=soft -mthumb -u _printf_float -u _scanf_float -Wl,--start-group -lc -lm -Wl,--end-group
Finished building target: LoRa_Sender_Node.elf
 
arm-none-eabi-size   LoRa_Sender_Node.elf 
arm-none-eabi-objdump -h -S  LoRa_Sender_Node.elf  > "LoRa_Sender_Node.list"
   text	   data	    bss	    dec	    hex	filename
  46892	    516	   2576	  49984	   c340	LoRa_Sender_Node.elf
Finished building: default.size.stdout
 
Finished building: LoRa_Sender_Node.list
 
