17:11:41 **** Incremental Build of configuration Debug for project LoRa_Sender_Node ****
make -j20 all 
arm-none-eabi-gcc "../Core/Src/stm32f1xx_it.c" -mcpu=cortex-m3 -std=gnu11 -g3 -DDEBUG -DUSE_HAL_DRIVER -DSTM32F103xB -c -I"D:/My-Projects/Git/Temperature-Humidity-Supervisor/LoRa_Sender_Node/Board-Support-Packet/Inc" -I../Core/Inc -I../Drivers/STM32F1xx_HAL_Driver/Inc -I../Drivers/STM32F1xx_HAL_Driver/Inc/Legacy -I../Drivers/CMSIS/Device/ST/STM32F1xx/Include -I../Drivers/CMSIS/Include -O0 -ffunction-sections -fdata-sections -Wall -fstack-usage -fcyclomatic-complexity -MMD -MP -MF"Core/Src/stm32f1xx_it.d" -MT"Core/Src/stm32f1xx_it.o" --specs=nano.specs -mfloat-abi=soft -mthumb -o "Core/Src/stm32f1xx_it.o"
arm-none-eabi-gcc -o "LoRa_Sender_Node.elf" @"objects.list"   -mcpu=cortex-m3 -T"D:\My-Projects\Git\Temperature-Humidity-Supervisor\LoRa_Sender_Node\STM32F103C8TX_FLASH.ld" --specs=nosys.specs -Wl,-Map="LoRa_Sender_Node.map" -Wl,--gc-sections -static --specs=nano.specs -mfloat-abi=soft -mthumb -u _printf_float -u _scanf_float -Wl,--start-group -lc -lm -Wl,--end-group
Finished building target: LoRa_Sender_Node.elf
 
arm-none-eabi-size   LoRa_Sender_Node.elf 
arm-none-eabi-objdump -h -S  LoRa_Sender_Node.elf  > "LoRa_Sender_Node.list"
   text	   data	    bss	    dec	    hex	filename
  46908	    516	   2520	  49944	   c318	LoRa_Sender_Node.elf
Finished building: default.size.stdout
 
Finished building: LoRa_Sender_Node.list
 

17:11:42 Build Finished. 0 errors, 0 warnings. (took 593ms)

